=== Job started on n-62-18-13 at Sun Oct 19 17:53:07 CEST 2025 ===
Working directory: /zhome/e8/8/167932
PWD: /zhome/e8/8/167932/DLCV2
Python: /zhome/e8/8/167932/myproject/.venv/bin/python
Python 3.9.19
[sitecustomize] Global seed set to 42
[seed] Using seed=42 deterministic=False
Using device: cuda
Model: 3dcnn
Train samples: 500, Val samples: 120

Epoch 1/100
Train Loss: 2.3190, Train Acc: 10.00%
Val Loss: 2.2468, Val Acc: 15.83%
Learning Rate: 0.001000

Epoch 2/100
Train Loss: 2.2529, Train Acc: 15.80%
Val Loss: 2.3078, Val Acc: 16.67%
Learning Rate: 0.001000

Epoch 3/100
Train Loss: 2.1832, Train Acc: 18.00%
Val Loss: 2.4483, Val Acc: 16.67%
Learning Rate: 0.001000

Epoch 4/100
Train Loss: 2.1342, Train Acc: 21.40%
Val Loss: 2.4062, Val Acc: 12.50%
Learning Rate: 0.001000

Epoch 5/100
Train Loss: 2.1222, Train Acc: 23.60%
Val Loss: 2.4399, Val Acc: 15.83%
Learning Rate: 0.001000

Epoch 6/100
Train Loss: 2.0950, Train Acc: 20.20%
Val Loss: 2.2376, Val Acc: 20.00%
Learning Rate: 0.001000

Epoch 7/100
Train Loss: 2.1148, Train Acc: 22.40%
Val Loss: 2.1784, Val Acc: 12.50%
Learning Rate: 0.001000

Epoch 8/100
Train Loss: 2.1199, Train Acc: 21.00%
Val Loss: 2.4546, Val Acc: 18.33%
Learning Rate: 0.001000

Epoch 9/100
Train Loss: 2.0901, Train Acc: 21.60%
Val Loss: 2.1992, Val Acc: 24.17%
Learning Rate: 0.001000

Epoch 10/100
Train Loss: 2.0569, Train Acc: 22.00%
Val Loss: 2.1705, Val Acc: 20.83%
Learning Rate: 0.001000

Epoch 11/100
Train Loss: 2.1036, Train Acc: 22.80%
Val Loss: 2.3658, Val Acc: 18.33%
Learning Rate: 0.001000

Epoch 12/100
Train Loss: 2.0327, Train Acc: 24.60%
Val Loss: 2.2513, Val Acc: 25.00%
Learning Rate: 0.001000

Epoch 13/100
Train Loss: 2.0353, Train Acc: 21.00%
Val Loss: 2.1010, Val Acc: 20.83%
Learning Rate: 0.001000

Epoch 14/100
Train Loss: 1.9931, Train Acc: 26.80%
Val Loss: 2.5214, Val Acc: 23.33%
Learning Rate: 0.001000

Epoch 15/100
Train Loss: 2.0118, Train Acc: 24.40%
Val Loss: 2.1530, Val Acc: 26.67%
Learning Rate: 0.001000

Epoch 16/100
Train Loss: 2.0068, Train Acc: 24.20%
Val Loss: 2.1873, Val Acc: 25.00%
Learning Rate: 0.001000

Epoch 17/100
Train Loss: 1.9669, Train Acc: 25.00%
Val Loss: 2.2227, Val Acc: 22.50%
Learning Rate: 0.001000

Epoch 18/100
Train Loss: 1.9638, Train Acc: 25.80%
Val Loss: 2.0708, Val Acc: 26.67%
Learning Rate: 0.001000

Epoch 19/100
Train Loss: 1.9672, Train Acc: 30.40%
Val Loss: 2.0898, Val Acc: 26.67%
Learning Rate: 0.001000

Epoch 20/100
Train Loss: 1.9771, Train Acc: 26.80%
Val Loss: 2.2288, Val Acc: 25.83%
Learning Rate: 0.001000

Epoch 21/100
Train Loss: 1.9270, Train Acc: 31.00%
Val Loss: 2.5014, Val Acc: 22.50%
Learning Rate: 0.000500

Epoch 22/100
Train Loss: 1.8854, Train Acc: 30.20%
Val Loss: 2.2372, Val Acc: 27.50%
Learning Rate: 0.000500

Epoch 23/100
Train Loss: 1.8706, Train Acc: 29.40%
Val Loss: 2.2008, Val Acc: 24.17%
Learning Rate: 0.000500

Epoch 24/100
Train Loss: 1.8400, Train Acc: 32.60%
Val Loss: 2.2518, Val Acc: 28.33%
Learning Rate: 0.000500

Epoch 25/100
Train Loss: 1.8407, Train Acc: 33.80%
Val Loss: 2.0773, Val Acc: 25.83%
Learning Rate: 0.000500

Epoch 26/100
Train Loss: 1.8127, Train Acc: 32.60%
Val Loss: 2.0166, Val Acc: 28.33%
Learning Rate: 0.000500

Epoch 27/100
Train Loss: 1.8090, Train Acc: 33.80%
Val Loss: 2.2401, Val Acc: 20.00%
Learning Rate: 0.000500

Epoch 28/100
Train Loss: 1.8168, Train Acc: 32.20%
Val Loss: 2.3457, Val Acc: 27.50%
Learning Rate: 0.000500

Epoch 29/100
Train Loss: 1.7834, Train Acc: 37.00%
Val Loss: 2.0053, Val Acc: 32.50%
Learning Rate: 0.000500

Epoch 30/100
Train Loss: 1.7679, Train Acc: 32.80%
Val Loss: 2.1028, Val Acc: 31.67%
Learning Rate: 0.000500

Epoch 31/100
Train Loss: 1.8040, Train Acc: 35.00%
Val Loss: 2.0631, Val Acc: 31.67%
Learning Rate: 0.000500

Epoch 32/100
Train Loss: 1.7314, Train Acc: 35.20%
Val Loss: 2.0885, Val Acc: 29.17%
Learning Rate: 0.000500

Epoch 33/100
Train Loss: 1.8072, Train Acc: 32.80%
Val Loss: 2.0505, Val Acc: 38.33%
Learning Rate: 0.000500

Epoch 34/100
Train Loss: 1.7532, Train Acc: 34.40%
Val Loss: 1.9895, Val Acc: 31.67%
Learning Rate: 0.000500

Epoch 35/100
Train Loss: 1.7315, Train Acc: 39.40%
Val Loss: 2.0258, Val Acc: 25.83%
Learning Rate: 0.000500

Epoch 36/100
Train Loss: 1.7199, Train Acc: 36.80%
Val Loss: 2.2922, Val Acc: 29.17%
Learning Rate: 0.000500

Epoch 37/100
Train Loss: 1.7080, Train Acc: 36.40%
Val Loss: 2.0488, Val Acc: 31.67%
Learning Rate: 0.000500

Epoch 38/100
Train Loss: 1.6786, Train Acc: 41.20%
Val Loss: 2.0454, Val Acc: 30.83%
Learning Rate: 0.000500

Epoch 39/100
Train Loss: 1.6684, Train Acc: 38.60%
Val Loss: 1.9840, Val Acc: 30.00%
Learning Rate: 0.000250

Epoch 40/100
Train Loss: 1.6465, Train Acc: 41.00%
Val Loss: 1.9442, Val Acc: 37.50%
Learning Rate: 0.000250

Epoch 41/100
Train Loss: 1.5902, Train Acc: 45.80%
Val Loss: 1.9877, Val Acc: 34.17%
Learning Rate: 0.000250

Epoch 42/100
Train Loss: 1.5987, Train Acc: 42.60%
Val Loss: 2.0489, Val Acc: 34.17%
Learning Rate: 0.000250

Epoch 43/100
Train Loss: 1.5323, Train Acc: 44.00%
Val Loss: 1.8863, Val Acc: 37.50%
Learning Rate: 0.000250

Epoch 44/100
Train Loss: 1.5918, Train Acc: 44.20%
Val Loss: 1.9649, Val Acc: 35.83%
Learning Rate: 0.000250

Epoch 45/100
Train Loss: 1.5310, Train Acc: 44.60%
Val Loss: 1.9745, Val Acc: 34.17%
Learning Rate: 0.000125

Epoch 46/100
Train Loss: 1.5602, Train Acc: 46.40%
Val Loss: 1.8597, Val Acc: 37.50%
Learning Rate: 0.000125

Epoch 47/100
Train Loss: 1.4771, Train Acc: 46.80%
Val Loss: 1.9160, Val Acc: 33.33%
Learning Rate: 0.000125

Epoch 48/100
Train Loss: 1.4967, Train Acc: 43.80%
Val Loss: 1.7652, Val Acc: 39.17%
Learning Rate: 0.000125

Epoch 49/100
Train Loss: 1.4796, Train Acc: 49.00%
Val Loss: 2.0294, Val Acc: 35.83%
Learning Rate: 0.000125

Epoch 50/100
Train Loss: 1.5282, Train Acc: 47.40%
Val Loss: 1.8067, Val Acc: 36.67%
Learning Rate: 0.000125

Epoch 51/100
Train Loss: 1.4374, Train Acc: 48.00%
Val Loss: 1.6977, Val Acc: 43.33%
Learning Rate: 0.000125

Epoch 52/100
Train Loss: 1.4706, Train Acc: 45.60%
Val Loss: 1.8570, Val Acc: 36.67%
Learning Rate: 0.000125

Epoch 53/100
Train Loss: 1.4767, Train Acc: 46.80%
Val Loss: 1.7720, Val Acc: 39.17%
Learning Rate: 0.000125

Epoch 54/100
Train Loss: 1.4485, Train Acc: 49.60%
Val Loss: 1.7844, Val Acc: 37.50%
Learning Rate: 0.000125

Epoch 55/100
Train Loss: 1.4123, Train Acc: 50.80%
Val Loss: 1.9798, Val Acc: 34.17%
Learning Rate: 0.000125

Epoch 56/100
Train Loss: 1.4255, Train Acc: 47.80%
Val Loss: 1.7676, Val Acc: 40.00%
Learning Rate: 0.000125

Epoch 57/100
Train Loss: 1.4132, Train Acc: 49.00%
Val Loss: 1.7957, Val Acc: 38.33%
Learning Rate: 0.000063

Epoch 58/100
Train Loss: 1.3853, Train Acc: 53.20%
Val Loss: 1.6619, Val Acc: 42.50%
Learning Rate: 0.000063

Epoch 59/100
Train Loss: 1.3914, Train Acc: 50.20%
Val Loss: 1.7912, Val Acc: 38.33%
Learning Rate: 0.000063

Epoch 60/100
Train Loss: 1.3536, Train Acc: 50.40%
Val Loss: 1.6628, Val Acc: 39.17%
Learning Rate: 0.000063

Epoch 61/100
Train Loss: 1.3489, Train Acc: 54.40%
Val Loss: 1.7273, Val Acc: 37.50%
Learning Rate: 0.000063

Epoch 62/100
Train Loss: 1.3214, Train Acc: 54.80%
Val Loss: 1.7594, Val Acc: 38.33%
Learning Rate: 0.000063

Epoch 63/100
Train Loss: 1.3352, Train Acc: 54.20%
Val Loss: 1.7172, Val Acc: 43.33%
Learning Rate: 0.000031

Epoch 64/100
Train Loss: 1.3362, Train Acc: 53.00%
Val Loss: 1.7305, Val Acc: 42.50%
Learning Rate: 0.000031

Epoch 65/100
Train Loss: 1.2466, Train Acc: 57.60%
Val Loss: 1.6469, Val Acc: 42.50%
Learning Rate: 0.000031

Epoch 66/100
Train Loss: 1.3050, Train Acc: 55.60%
Val Loss: 1.7404, Val Acc: 39.17%
Learning Rate: 0.000031

Epoch 67/100
Train Loss: 1.3282, Train Acc: 56.80%
Val Loss: 1.6660, Val Acc: 38.33%
Learning Rate: 0.000031

Epoch 68/100
Train Loss: 1.2383, Train Acc: 55.80%
Val Loss: 1.7310, Val Acc: 40.83%
Learning Rate: 0.000031

Epoch 69/100
Train Loss: 1.3176, Train Acc: 50.60%
Val Loss: 1.6693, Val Acc: 40.83%
Learning Rate: 0.000016

Epoch 70/100
Train Loss: 1.3121, Train Acc: 54.40%
Val Loss: 1.6333, Val Acc: 43.33%
Learning Rate: 0.000016

Epoch 71/100
Train Loss: 1.2763, Train Acc: 58.40%
Val Loss: 1.7083, Val Acc: 40.00%
Learning Rate: 0.000016

Epoch 72/100
Train Loss: 1.3058, Train Acc: 54.60%
Val Loss: 1.7147, Val Acc: 41.67%
Learning Rate: 0.000016

Epoch 73/100
Train Loss: 1.2891, Train Acc: 54.20%
Val Loss: 1.6829, Val Acc: 40.00%
Learning Rate: 0.000016

Epoch 74/100
Train Loss: 1.2628, Train Acc: 54.00%
Val Loss: 1.6565, Val Acc: 43.33%
Learning Rate: 0.000016

Epoch 75/100
Train Loss: 1.3311, Train Acc: 53.40%
Val Loss: 1.6302, Val Acc: 43.33%
Learning Rate: 0.000008

Epoch 76/100
Train Loss: 1.2911, Train Acc: 57.00%
Val Loss: 1.6233, Val Acc: 40.83%
Learning Rate: 0.000008

Epoch 77/100
Train Loss: 1.2416, Train Acc: 57.20%
Val Loss: 1.6683, Val Acc: 44.17%
Learning Rate: 0.000008

Epoch 78/100
Train Loss: 1.2139, Train Acc: 59.20%
Val Loss: 1.6832, Val Acc: 41.67%
Learning Rate: 0.000008

Epoch 79/100
Train Loss: 1.3060, Train Acc: 54.20%
Val Loss: 1.6565, Val Acc: 41.67%
Learning Rate: 0.000008

Epoch 80/100
Train Loss: 1.2544, Train Acc: 56.20%
Val Loss: 1.6317, Val Acc: 44.17%
Learning Rate: 0.000008

Epoch 81/100
Train Loss: 1.2655, Train Acc: 56.00%
Val Loss: 1.6792, Val Acc: 40.00%
Learning Rate: 0.000008

Epoch 82/100
Train Loss: 1.2673, Train Acc: 58.00%
Val Loss: 1.6973, Val Acc: 43.33%
Learning Rate: 0.000008

Epoch 83/100
Train Loss: 1.2650, Train Acc: 57.40%
Val Loss: 1.6289, Val Acc: 45.00%
Learning Rate: 0.000008

Epoch 84/100
Train Loss: 1.2557, Train Acc: 55.60%
Val Loss: 1.7037, Val Acc: 42.50%
Learning Rate: 0.000008

Epoch 85/100
Train Loss: 1.2484, Train Acc: 54.60%
Val Loss: 1.6326, Val Acc: 44.17%
Learning Rate: 0.000008

Epoch 86/100
Train Loss: 1.2588, Train Acc: 56.20%
Val Loss: 1.6480, Val Acc: 42.50%
Learning Rate: 0.000008

Epoch 87/100
Train Loss: 1.2397, Train Acc: 57.20%
Val Loss: 1.6412, Val Acc: 42.50%
Learning Rate: 0.000008

Epoch 88/100
Train Loss: 1.2647, Train Acc: 56.80%
Val Loss: 1.6363, Val Acc: 41.67%
Learning Rate: 0.000008

Epoch 89/100
Train Loss: 1.3071, Train Acc: 54.60%
Val Loss: 1.7332, Val Acc: 41.67%
Learning Rate: 0.000004

Epoch 90/100
Train Loss: 1.2706, Train Acc: 55.00%
Val Loss: 1.7093, Val Acc: 42.50%
Learning Rate: 0.000004

Epoch 91/100
Train Loss: 1.2588, Train Acc: 56.40%
Val Loss: 1.7405, Val Acc: 42.50%
Learning Rate: 0.000004

Epoch 92/100
Train Loss: 1.2292, Train Acc: 56.00%
Val Loss: 1.7271, Val Acc: 41.67%
Learning Rate: 0.000004

Epoch 93/100
Train Loss: 1.2919, Train Acc: 55.80%
Val Loss: 1.6989, Val Acc: 42.50%
Learning Rate: 0.000004

Epoch 94/100
Train Loss: 1.2677, Train Acc: 57.80%
Val Loss: 1.6619, Val Acc: 43.33%
Learning Rate: 0.000004

Epoch 95/100
Train Loss: 1.2530, Train Acc: 56.20%
Val Loss: 1.6961, Val Acc: 43.33%
Learning Rate: 0.000002

Epoch 96/100
Train Loss: 1.2477, Train Acc: 56.60%
Val Loss: 1.6802, Val Acc: 43.33%
Learning Rate: 0.000002

Epoch 97/100
Train Loss: 1.2502, Train Acc: 56.00%
Val Loss: 1.6360, Val Acc: 40.83%
Learning Rate: 0.000002

Epoch 98/100
Train Loss: 1.2273, Train Acc: 55.80%
Val Loss: 1.6102, Val Acc: 44.17%
Learning Rate: 0.000002

Epoch 99/100
Train Loss: 1.3205, Train Acc: 56.20%
Val Loss: 1.7059, Val Acc: 41.67%
Learning Rate: 0.000002

Epoch 100/100
Train Loss: 1.2762, Train Acc: 54.80%
Val Loss: 1.6369, Val Acc: 43.33%
Learning Rate: 0.000002

Training completed! Best validation accuracy: 45.00%
=== Job finished at Sun Oct 19 18:47:14 CEST 2025 ===

------------------------------------------------------------
Sender: LSF System <lsfadmin@hpc.dtu.dk>
Subject: Job 26563965: <Test> in cluster <dcc> Done

Job <Test> was submitted from host <hpclogin1> by user <s214618> in cluster <dcc> at Sun Oct 19 17:17:49 2025
Job was executed on host(s) <4*n-62-18-13>, in queue <c02516>, as user <s214618> in cluster <dcc> at Sun Oct 19 17:53:06 2025
</zhome/e8/8/167932> was used as the home directory.
</zhome/e8/8/167932> was used as the working directory.
Started at Sun Oct 19 17:53:06 2025
Terminated at Sun Oct 19 18:47:14 2025
Results reported at Sun Oct 19 18:47:14 2025

Your job looked like:

------------------------------------------------------------
# LSBATCH: User input
#!/bin/bash
#BSUB -q c02516
#BSUB -J Test
#BSUB -gpu "num=1:mode=exclusive_process"
#BSUB -n 4
#BSUB -R "span[hosts=1]"
#BSUB -R "rusage[mem=8GB]"
#BSUB -W 08:00
#BSUB -o Output_%J.out
#BSUB -e Output_%J.err

set -euo pipefail

echo "=== Job started on $(hostname) at $(date) ==="
echo "Working directory: $(pwd)"

module load python3/3.9.19
module load cuda/11.8

# Activate your virtual environment
source ~/myproject/.venv/bin/activate || { echo "venv activation failed"; exit 1; }

# Go to your code folder (ABSOLUTE PATH!)
cd /zhome/e8/8/167932/DLCV2 || { echo "cd failed"; exit 1; }

echo "PWD: $(pwd)"
echo "Python: $(which python)"
python -V

# --- Global reproducibility knobs ---
export SEED=42
export PYTHONHASHSEED="$SEED"

# For PyTorch+CUDA determinism (safe for CUDA 11.8). No-op if PyTorch isn't used.
export CUBLAS_WORKSPACE_CONFIG=":4096:8"

# (Optional) If you might use TensorFlow in some scripts:
export TF_DETERMINISTIC_OPS=1

# Install a sitecustomize hook into the active venv so ALL python invocations get seeded.
SITEPKG="$(python -c 'import site; print(next(p for p in (getattr(site, "getsitepackages", lambda: [])() or []) if p.endswith("site-packages")) or site.getusersitepackages())')"
mkdir -p "$SITEPKG"
cat > "$SITEPKG/sitecustomize.py" << 'PY'
import os, random
SEED = int(os.environ.get("SEED", "42"))

# Ensure Python's hash randomization is deterministic too (affects dict/set iteration order).
os.environ.setdefault("PYTHONHASHSEED", str(SEED))

# Standard library

(... more ...)
------------------------------------------------------------

Successfully completed.

Resource usage summary:

    CPU time :                                   5513.13 sec.
    Max Memory :                                 2288 MB
    Average Memory :                             1783.54 MB
    Total Requested Memory :                     32768.00 MB
    Delta Memory :                               30480.00 MB
    Max Swap :                                   -
    Max Processes :                              12
    Max Threads :                                43
    Run time :                                   3250 sec.
    Turnaround time :                            5365 sec.

The output (if any) is above this job summary.



PS:

Read file <Output_26563965.err> for stderr output of this job.

