=== Job started on n-62-18-13 at Sun Oct 19 18:47:47 CEST 2025 ===
Working directory: /zhome/e8/8/167932
PWD: /zhome/e8/8/167932/DLCV2
Python: /zhome/e8/8/167932/myproject/.venv/bin/python
Python 3.9.19
[sitecustomize] Global seed set to 42
[seed] Using seed=42 deterministic=False
Using device: cuda
Model: latefusion
Train samples: 500, Val samples: 120

Epoch 1/100
Train Loss: 1.6225, Train Acc: 42.80%
Val Loss: 12.4258, Val Acc: 28.33%
Learning Rate: 0.001000

Epoch 2/100
Train Loss: 1.0178, Train Acc: 69.20%
Val Loss: 2.2192, Val Acc: 44.17%
Learning Rate: 0.001000

Epoch 3/100
Train Loss: 0.5748, Train Acc: 81.40%
Val Loss: 1.2573, Val Acc: 62.50%
Learning Rate: 0.001000

Epoch 4/100
Train Loss: 0.6473, Train Acc: 79.60%
Val Loss: 1.2035, Val Acc: 66.67%
Learning Rate: 0.001000

Epoch 5/100
Train Loss: 0.3727, Train Acc: 91.20%
Val Loss: 0.7190, Val Acc: 75.83%
Learning Rate: 0.001000

Epoch 6/100
Train Loss: 0.3482, Train Acc: 90.40%
Val Loss: 0.5983, Val Acc: 79.17%
Learning Rate: 0.001000

Epoch 7/100
Train Loss: 0.2615, Train Acc: 92.80%
Val Loss: 1.0860, Val Acc: 65.00%
Learning Rate: 0.001000

Epoch 8/100
Train Loss: 0.2457, Train Acc: 93.20%
Val Loss: 0.4184, Val Acc: 85.00%
Learning Rate: 0.001000

Epoch 9/100
Train Loss: 0.1676, Train Acc: 95.40%
Val Loss: 0.3674, Val Acc: 91.67%
Learning Rate: 0.001000

Epoch 10/100
Train Loss: 0.1865, Train Acc: 94.80%
Val Loss: 0.5641, Val Acc: 85.83%
Learning Rate: 0.001000

Epoch 11/100
Train Loss: 0.1522, Train Acc: 95.00%
Val Loss: 0.6315, Val Acc: 82.50%
Learning Rate: 0.001000

Epoch 12/100
Train Loss: 0.1600, Train Acc: 95.40%
Val Loss: 1.2054, Val Acc: 75.00%
Learning Rate: 0.001000

Epoch 13/100
Train Loss: 0.1930, Train Acc: 95.00%
Val Loss: 0.4212, Val Acc: 88.33%
Learning Rate: 0.001000

Epoch 14/100
Train Loss: 0.1761, Train Acc: 93.00%
Val Loss: 0.5367, Val Acc: 81.67%
Learning Rate: 0.001000

Epoch 15/100
Train Loss: 0.2650, Train Acc: 92.60%
Val Loss: 0.8058, Val Acc: 77.50%
Learning Rate: 0.000500

Epoch 16/100
Train Loss: 0.1337, Train Acc: 95.80%
Val Loss: 0.1955, Val Acc: 94.17%
Learning Rate: 0.000500

Epoch 17/100
Train Loss: 0.0653, Train Acc: 98.80%
Val Loss: 0.1728, Val Acc: 96.67%
Learning Rate: 0.000500

Epoch 18/100
Train Loss: 0.0242, Train Acc: 99.80%
Val Loss: 0.1788, Val Acc: 94.17%
Learning Rate: 0.000500

Epoch 19/100
Train Loss: 0.0115, Train Acc: 100.00%
Val Loss: 0.1645, Val Acc: 96.67%
Learning Rate: 0.000500

Epoch 20/100
Train Loss: 0.0131, Train Acc: 100.00%
Val Loss: 0.1663, Val Acc: 95.83%
Learning Rate: 0.000500

Epoch 21/100
Train Loss: 0.0073, Train Acc: 100.00%
Val Loss: 0.1669, Val Acc: 95.83%
Learning Rate: 0.000500

Epoch 22/100
Train Loss: 0.0147, Train Acc: 99.80%
Val Loss: 0.1768, Val Acc: 95.83%
Learning Rate: 0.000500

Epoch 23/100
Train Loss: 0.0124, Train Acc: 99.80%
Val Loss: 0.1780, Val Acc: 95.00%
Learning Rate: 0.000250

Epoch 24/100
Train Loss: 0.0091, Train Acc: 99.80%
Val Loss: 0.1792, Val Acc: 95.83%
Learning Rate: 0.000250

Epoch 25/100
Train Loss: 0.0084, Train Acc: 100.00%
Val Loss: 0.1771, Val Acc: 96.67%
Learning Rate: 0.000250

Epoch 26/100
Train Loss: 0.0054, Train Acc: 100.00%
Val Loss: 0.1722, Val Acc: 95.83%
Learning Rate: 0.000250

Epoch 27/100
Train Loss: 0.0184, Train Acc: 99.20%
Val Loss: 0.1816, Val Acc: 96.67%
Learning Rate: 0.000250

Epoch 28/100
Train Loss: 0.0186, Train Acc: 99.20%
Val Loss: 0.1487, Val Acc: 96.67%
Learning Rate: 0.000250

Epoch 29/100
Train Loss: 0.0275, Train Acc: 99.20%
Val Loss: 0.1859, Val Acc: 95.83%
Learning Rate: 0.000125

Epoch 30/100
Train Loss: 0.0127, Train Acc: 99.80%
Val Loss: 0.2129, Val Acc: 95.83%
Learning Rate: 0.000125

Epoch 31/100
Train Loss: 0.0104, Train Acc: 100.00%
Val Loss: 0.2112, Val Acc: 95.83%
Learning Rate: 0.000125

Epoch 32/100
Train Loss: 0.0058, Train Acc: 100.00%
Val Loss: 0.2092, Val Acc: 95.00%
Learning Rate: 0.000125

Epoch 33/100
Train Loss: 0.0101, Train Acc: 99.60%
Val Loss: 0.2088, Val Acc: 95.00%
Learning Rate: 0.000125

Epoch 34/100
Train Loss: 0.0055, Train Acc: 100.00%
Val Loss: 0.2206, Val Acc: 95.00%
Learning Rate: 0.000125

Epoch 35/100
Train Loss: 0.0049, Train Acc: 100.00%
Val Loss: 0.2055, Val Acc: 95.00%
Learning Rate: 0.000063

Epoch 36/100
Train Loss: 0.0111, Train Acc: 99.80%
Val Loss: 0.2157, Val Acc: 95.00%
Learning Rate: 0.000063

Epoch 37/100
Train Loss: 0.0110, Train Acc: 99.60%
Val Loss: 0.2091, Val Acc: 95.00%
Learning Rate: 0.000063

Epoch 38/100
Train Loss: 0.0045, Train Acc: 100.00%
Val Loss: 0.2194, Val Acc: 94.17%
Learning Rate: 0.000063

Epoch 39/100
Train Loss: 0.0073, Train Acc: 100.00%
Val Loss: 0.2188, Val Acc: 94.17%
Learning Rate: 0.000063

Epoch 40/100
Train Loss: 0.0137, Train Acc: 99.60%
Val Loss: 0.2174, Val Acc: 95.00%
Learning Rate: 0.000063

Epoch 41/100
Train Loss: 0.0053, Train Acc: 100.00%
Val Loss: 0.2088, Val Acc: 94.17%
Learning Rate: 0.000031

Epoch 42/100
Train Loss: 0.0075, Train Acc: 100.00%
Val Loss: 0.2187, Val Acc: 94.17%
Learning Rate: 0.000031

Epoch 43/100
Train Loss: 0.0149, Train Acc: 99.80%
Val Loss: 0.2194, Val Acc: 94.17%
Learning Rate: 0.000031

Epoch 44/100
Train Loss: 0.0072, Train Acc: 99.80%
Val Loss: 0.2243, Val Acc: 94.17%
Learning Rate: 0.000031

Epoch 45/100
Train Loss: 0.0049, Train Acc: 100.00%
Val Loss: 0.2064, Val Acc: 95.00%
Learning Rate: 0.000031

Epoch 46/100
Train Loss: 0.0061, Train Acc: 100.00%
Val Loss: 0.2067, Val Acc: 94.17%
Learning Rate: 0.000031

Epoch 47/100
Train Loss: 0.0113, Train Acc: 99.80%
Val Loss: 0.2119, Val Acc: 95.00%
Learning Rate: 0.000016

Epoch 48/100
Train Loss: 0.0048, Train Acc: 100.00%
Val Loss: 0.2083, Val Acc: 95.00%
Learning Rate: 0.000016

Epoch 49/100
Train Loss: 0.0065, Train Acc: 100.00%
Val Loss: 0.2175, Val Acc: 95.00%
Learning Rate: 0.000016

Epoch 50/100
Train Loss: 0.0061, Train Acc: 100.00%
Val Loss: 0.2137, Val Acc: 95.00%
Learning Rate: 0.000016

Epoch 51/100
Train Loss: 0.0059, Train Acc: 100.00%
Val Loss: 0.2039, Val Acc: 93.33%
Learning Rate: 0.000016

Epoch 52/100
Train Loss: 0.0048, Train Acc: 100.00%
Val Loss: 0.2122, Val Acc: 94.17%
Learning Rate: 0.000016

Epoch 53/100
Train Loss: 0.0061, Train Acc: 99.80%
Val Loss: 0.2010, Val Acc: 94.17%
Learning Rate: 0.000008

Epoch 54/100
Train Loss: 0.0075, Train Acc: 100.00%
Val Loss: 0.1997, Val Acc: 95.00%
Learning Rate: 0.000008

Epoch 55/100
Train Loss: 0.0034, Train Acc: 100.00%
Val Loss: 0.2159, Val Acc: 94.17%
Learning Rate: 0.000008

Epoch 56/100
Train Loss: 0.0052, Train Acc: 100.00%
Val Loss: 0.2137, Val Acc: 94.17%
Learning Rate: 0.000008

Epoch 57/100
Train Loss: 0.0125, Train Acc: 99.60%
Val Loss: 0.2135, Val Acc: 95.00%
Learning Rate: 0.000008

Epoch 58/100
Train Loss: 0.0035, Train Acc: 100.00%
Val Loss: 0.2254, Val Acc: 94.17%
Learning Rate: 0.000008

Epoch 59/100
Train Loss: 0.0065, Train Acc: 99.80%
Val Loss: 0.2079, Val Acc: 95.00%
Learning Rate: 0.000004

Epoch 60/100
Train Loss: 0.0040, Train Acc: 100.00%
Val Loss: 0.2134, Val Acc: 94.17%
Learning Rate: 0.000004

Epoch 61/100
Train Loss: 0.0035, Train Acc: 100.00%
Val Loss: 0.1998, Val Acc: 95.00%
Learning Rate: 0.000004

Epoch 62/100
Train Loss: 0.0044, Train Acc: 100.00%
Val Loss: 0.2229, Val Acc: 93.33%
Learning Rate: 0.000004

Epoch 63/100
Train Loss: 0.0069, Train Acc: 99.80%
Val Loss: 0.2116, Val Acc: 94.17%
Learning Rate: 0.000004

Epoch 64/100
Train Loss: 0.0065, Train Acc: 99.80%
Val Loss: 0.2066, Val Acc: 94.17%
Learning Rate: 0.000004

Epoch 65/100
Train Loss: 0.0032, Train Acc: 100.00%
Val Loss: 0.2176, Val Acc: 94.17%
Learning Rate: 0.000002

Epoch 66/100
Train Loss: 0.0056, Train Acc: 100.00%
Val Loss: 0.2195, Val Acc: 94.17%
Learning Rate: 0.000002

Epoch 67/100
Train Loss: 0.0044, Train Acc: 100.00%
Val Loss: 0.1982, Val Acc: 94.17%
Learning Rate: 0.000002

Epoch 68/100
Train Loss: 0.0028, Train Acc: 100.00%
Val Loss: 0.2096, Val Acc: 94.17%
Learning Rate: 0.000002

Epoch 69/100
Train Loss: 0.0058, Train Acc: 99.80%
Val Loss: 0.2176, Val Acc: 93.33%
Learning Rate: 0.000002

Epoch 70/100
Train Loss: 0.0043, Train Acc: 100.00%
Val Loss: 0.2190, Val Acc: 93.33%
Learning Rate: 0.000002

Epoch 71/100
Train Loss: 0.0032, Train Acc: 100.00%
Val Loss: 0.2206, Val Acc: 94.17%
Learning Rate: 0.000001

Epoch 72/100
Train Loss: 0.0033, Train Acc: 100.00%
Val Loss: 0.2112, Val Acc: 94.17%
Learning Rate: 0.000001

Epoch 73/100
Train Loss: 0.0033, Train Acc: 100.00%
Val Loss: 0.2194, Val Acc: 94.17%
Learning Rate: 0.000001

Epoch 74/100
Train Loss: 0.0028, Train Acc: 100.00%
Val Loss: 0.2208, Val Acc: 93.33%
Learning Rate: 0.000001

Epoch 75/100
Train Loss: 0.0057, Train Acc: 100.00%
Val Loss: 0.2098, Val Acc: 94.17%
Learning Rate: 0.000001

Epoch 76/100
Train Loss: 0.0035, Train Acc: 100.00%
Val Loss: 0.2309, Val Acc: 93.33%
Learning Rate: 0.000001

Epoch 77/100
Train Loss: 0.0044, Train Acc: 100.00%
Val Loss: 0.2124, Val Acc: 94.17%
Learning Rate: 0.000000

Epoch 78/100
Train Loss: 0.0056, Train Acc: 99.80%
Val Loss: 0.2192, Val Acc: 94.17%
Learning Rate: 0.000000

Epoch 79/100
Train Loss: 0.0025, Train Acc: 100.00%
Val Loss: 0.2058, Val Acc: 95.00%
Learning Rate: 0.000000

Epoch 80/100
Train Loss: 0.0050, Train Acc: 100.00%
Val Loss: 0.2144, Val Acc: 94.17%
Learning Rate: 0.000000

Epoch 81/100
Train Loss: 0.0100, Train Acc: 99.80%
Val Loss: 0.2100, Val Acc: 94.17%
Learning Rate: 0.000000

Epoch 82/100
Train Loss: 0.0042, Train Acc: 100.00%
Val Loss: 0.2126, Val Acc: 94.17%
Learning Rate: 0.000000

Epoch 83/100
Train Loss: 0.0052, Train Acc: 99.80%
Val Loss: 0.2132, Val Acc: 94.17%
Learning Rate: 0.000000

Epoch 84/100
Train Loss: 0.0043, Train Acc: 100.00%
Val Loss: 0.2099, Val Acc: 95.00%
Learning Rate: 0.000000

Epoch 85/100
Train Loss: 0.0028, Train Acc: 100.00%
Val Loss: 0.2034, Val Acc: 94.17%
Learning Rate: 0.000000

Epoch 86/100
Train Loss: 0.0090, Train Acc: 99.80%
Val Loss: 0.2092, Val Acc: 95.00%
Learning Rate: 0.000000

Epoch 87/100
Train Loss: 0.0027, Train Acc: 100.00%
Val Loss: 0.2225, Val Acc: 94.17%
Learning Rate: 0.000000

Epoch 88/100
Train Loss: 0.0052, Train Acc: 100.00%
Val Loss: 0.2023, Val Acc: 95.00%
Learning Rate: 0.000000

Epoch 89/100
Train Loss: 0.0040, Train Acc: 100.00%
Val Loss: 0.2177, Val Acc: 95.00%
Learning Rate: 0.000000

Epoch 90/100
Train Loss: 0.0028, Train Acc: 100.00%
Val Loss: 0.2083, Val Acc: 94.17%
Learning Rate: 0.000000

Epoch 91/100
Train Loss: 0.0160, Train Acc: 99.60%
Val Loss: 0.2062, Val Acc: 95.00%
Learning Rate: 0.000000

Epoch 92/100
Train Loss: 0.0041, Train Acc: 100.00%
Val Loss: 0.2053, Val Acc: 95.83%
Learning Rate: 0.000000

Epoch 93/100
Train Loss: 0.0035, Train Acc: 100.00%
Val Loss: 0.2079, Val Acc: 95.00%
Learning Rate: 0.000000

Epoch 94/100
Train Loss: 0.0049, Train Acc: 100.00%
Val Loss: 0.2066, Val Acc: 94.17%
Learning Rate: 0.000000

Epoch 95/100
Train Loss: 0.0030, Train Acc: 100.00%
Val Loss: 0.2165, Val Acc: 94.17%
Learning Rate: 0.000000

Epoch 96/100
Train Loss: 0.0042, Train Acc: 100.00%
Val Loss: 0.2156, Val Acc: 94.17%
Learning Rate: 0.000000

Epoch 97/100
Train Loss: 0.0034, Train Acc: 100.00%
Val Loss: 0.2086, Val Acc: 94.17%
Learning Rate: 0.000000

Epoch 98/100
Train Loss: 0.0028, Train Acc: 100.00%
Val Loss: 0.2125, Val Acc: 94.17%
Learning Rate: 0.000000

Epoch 99/100
Train Loss: 0.0061, Train Acc: 100.00%
Val Loss: 0.2086, Val Acc: 95.00%
Learning Rate: 0.000000

Epoch 100/100
Train Loss: 0.0032, Train Acc: 100.00%
Val Loss: 0.2141, Val Acc: 93.33%
Learning Rate: 0.000000

Training completed! Best validation accuracy: 96.67%
=== Job finished at Sun Oct 19 19:15:54 CEST 2025 ===

------------------------------------------------------------
Sender: LSF System <lsfadmin@hpc.dtu.dk>
Subject: Job 26563967: <Test> in cluster <dcc> Done

Job <Test> was submitted from host <hpclogin1> by user <s214618> in cluster <dcc> at Sun Oct 19 17:18:09 2025
Job was executed on host(s) <4*n-62-18-13>, in queue <c02516>, as user <s214618> in cluster <dcc> at Sun Oct 19 18:47:45 2025
</zhome/e8/8/167932> was used as the home directory.
</zhome/e8/8/167932> was used as the working directory.
Started at Sun Oct 19 18:47:45 2025
Terminated at Sun Oct 19 19:15:54 2025
Results reported at Sun Oct 19 19:15:54 2025

Your job looked like:

------------------------------------------------------------
# LSBATCH: User input
#!/bin/bash
#BSUB -q c02516
#BSUB -J Test
#BSUB -gpu "num=1:mode=exclusive_process"
#BSUB -n 4
#BSUB -R "span[hosts=1]"
#BSUB -R "rusage[mem=8GB]"
#BSUB -W 08:00
#BSUB -o Output_%J.out
#BSUB -e Output_%J.err

set -euo pipefail

echo "=== Job started on $(hostname) at $(date) ==="
echo "Working directory: $(pwd)"

module load python3/3.9.19
module load cuda/11.8

# Activate your virtual environment
source ~/myproject/.venv/bin/activate || { echo "venv activation failed"; exit 1; }

# Go to your code folder (ABSOLUTE PATH!)
cd /zhome/e8/8/167932/DLCV2 || { echo "cd failed"; exit 1; }

echo "PWD: $(pwd)"
echo "Python: $(which python)"
python -V

# --- Global reproducibility knobs ---
export SEED=42
export PYTHONHASHSEED="$SEED"

# For PyTorch+CUDA determinism (safe for CUDA 11.8). No-op if PyTorch isn't used.
export CUBLAS_WORKSPACE_CONFIG=":4096:8"

# (Optional) If you might use TensorFlow in some scripts:
export TF_DETERMINISTIC_OPS=1

# Install a sitecustomize hook into the active venv so ALL python invocations get seeded.
SITEPKG="$(python -c 'import site; print(next(p for p in (getattr(site, "getsitepackages", lambda: [])() or []) if p.endswith("site-packages")) or site.getusersitepackages())')"
mkdir -p "$SITEPKG"
cat > "$SITEPKG/sitecustomize.py" << 'PY'
import os, random
SEED = int(os.environ.get("SEED", "42"))

# Ensure Python's hash randomization is deterministic too (affects dict/set iteration order).
os.environ.setdefault("PYTHONHASHSEED", str(SEED))

# Standard library

(... more ...)
------------------------------------------------------------

Successfully completed.

Resource usage summary:

    CPU time :                                   4502.27 sec.
    Max Memory :                                 2297 MB
    Average Memory :                             1930.86 MB
    Total Requested Memory :                     32768.00 MB
    Delta Memory :                               30471.00 MB
    Max Swap :                                   -
    Max Processes :                              12
    Max Threads :                                43
    Run time :                                   1702 sec.
    Turnaround time :                            7065 sec.

The output (if any) is above this job summary.



PS:

Read file <Output_26563967.err> for stderr output of this job.

